Microchip MPLAB XC8 Compiler V2.41

Linker command line:

-W-3 \
  --edf=C:/Users/c50931/.mchp_packs/Microchip/PIC18F-Q_DFP/1.18.389/xc8\pic\dat\20230524171230_en.msgs \
  -pivt0x8=08h -cn \
  -h+dist/default/debug\pic18f47q43-curiosity-hpc-demo-code.X.debug.sym \
  --cmf=dist/default/debug\pic18f47q43-curiosity-hpc-demo-code.X.debug.cmf \
  -z -Q18F47Q43 \
  -oC:\Users\c50931\AppData\Local\Temp\xcAsh24.\driver_tmp_3.o \
  --defsym=__MPLAB_BUILD=1 --fixupoverflow=error \
  -Mdist/default/debug/pic18f47q43-curiosity-hpc-demo-code.X.debug.map \
  --md=C:\Users\c50931\AppData\Local\Temp\xcAsh24.\driver_tmp_0.dat -E1 \
  -ver=XC8 Compiler --acfsm=1493 -ACODE=00h-01FFFFh -ACONST=00h-01FFFFh \
  -ASMALLCONST=02600h-026FFhx474 \
  -AMEDIUMCONST=02600h-0FFFFh,012600h-01FFFFh -ACOMRAM=0501h-055Fh \
  -AABS1=0500h-024FFh -ABIGRAM=0501h-024FFh \
  -ARAM=0560h-05FFh,0600h-06FFhx31 -ABANK5=0560h-05FFh -ABANK6=0600h-06FFh \
  -ABANK7=0700h-07FFh -ABANK8=0800h-08FFh -ABANK9=0900h-09FFh \
  -ABANK10=0A00h-0AFFh -ABANK11=0B00h-0BFFh -ABANK12=0C00h-0CFFh \
  -ABANK13=0D00h-0DFFh -ABANK14=0E00h-0EFFh -ABANK15=0F00h-0FFFh \
  -ABANK16=01000h-010FFh -ABANK17=01100h-011FFh -ABANK18=01200h-012FFh \
  -ABANK19=01300h-013FFh -ABANK20=01400h-014FFh -ABANK21=01500h-015FFh \
  -ABANK22=01600h-016FFh -ABANK23=01700h-017FFh -ABANK24=01800h-018FFh \
  -ABANK25=01900h-019FFh -ABANK26=01A00h-01AFFh -ABANK27=01B00h-01BFFh \
  -ABANK28=01C00h-01CFFh -ABANK29=01D00h-01DFFh -ABANK30=01E00h-01EFFh \
  -ABANK31=01F00h-01FFFh -ABANK32=02000h-020FFh -ABANK33=02100h-021FFh \
  -ABANK34=02200h-022FFh -ABANK35=02300h-023FFh -ABANK36=02400h-024FFh \
  -ASFR=00h-0FFhx4,0400h-045Fh,0460h-04FFh,02500h-025FFh \
  -ABIGSFR=00h-04FFh,02500h-025FFh -ACONFIG=0300000h-0300011h \
  -AIDLOC=0200000h-020003Fh -AEEDATA=0380000h-03803FFh -peeprom_data=EEDATA \
  -preset_vec=00h -ppowerup=CODE,init -pramtop=02600h \
  -psmallconst=SMALLCONST -pmediumconst=MEDIUMCONST -pconst=CONST \
  -AFARRAM=00h-00h \
  -prdata=COMRAM,nvrram=COMRAM,nvbit=COMRAM,rbss=COMRAM,rbit=COMRAM \
  -pfarbss=FARRAM,fardata=FARRAM,nvFARRAM=FARRAM \
  -pintsave_regs=BIGRAM,bigbss=BIGRAM,bigdata=BIGRAM -pbss=RAM \
  -pidata=CODE,irdata=CODE,ibigdata=CODE,ifardata=CODE -prparam=COMRAM \
  C:\Users\c50931\AppData\Local\Temp\xcAsh24.\driver_tmp_14.o \
  dist/default/debug\pic18f47q43-curiosity-hpc-demo-code.X.debug.o 

Object code version is 3.11

Machine type is 18F47Q43



                Name                               Link     Load   Length Selector   Space Scale
C:\Users\c50931\AppData\Local\Temp\xcAsh24.\driver_tmp_14.o
                idloc                            200000   200000       40        0       5
                config                           300000   300000        A        0       4
                init                                 1A       1A        4        4       0
                reset_vec                             0        0        4        0       0
dist/default/debug\pic18f47q43-curiosity-hpc-demo-code.X.debug.o
                idloc                            200000   200000       40        0       5
                config                           300000   300000        A        0       4
                smallconst                         2600     2600       92     1300       0
                ivt0x8                                8        8       12        4       0
                text70                             39FC     39FC        2     1349       0
                text69                             39FA     39FA        2     1349       0
                text68                             3884     3884       20     1349       0
                text67                             39F8     39F8        2     1349       0
                text66                             39F6     39F6        2     1349       0
                text65                             368C     368C       34     1349       0
                text64                             33BE     33BE       56     1349       0
                text63                             374A     374A       2E     1349       0
                text62                             2BD4     2BD4       C4     1349       0
                text61                             2D50     2D50       B0     1349       0
                text60                             3618     3618       40     1349       0
                text59                             39F4     39F4        2     1349       0
                text58                             2B0A     2B0A       CA     1349       0
                text57                             3554     3554       44     1349       0
                text56                             31C2     31C2       7A     1349       0
                text55                             2692     2692      194     1349       0
                text54                             2826     2826      134     1349       0
                text53                             3468     3468       52     1349       0
                text52                             37F8     37F8       26     1349       0
                text51                             2FB4     2FB4       8A     1349       0
                text50                             3914     3914       14     1349       0
                text49                             37CE     37CE       2A     1349       0
                text48                             39B4     39B4        E     1349       0
                text47                             39EA     39EA        6     1349       0
                text46                             39E4     39E4        6     1349       0
                text45                             2E00     2E00       9A     1349       0
                text44                             371C     371C       2E     1349       0
                text43                             3366     3366       58     1349       0
                text42                             30C4     30C4       84     1349       0
                text41                             35D8     35D8       40     1349       0
                text40                             39A6     39A6        E     1349       0
                text39                             3508     3508       4C     1349       0
                text38                             39F0     39F0        4     1349       0
                text37                             39C2     39C2        A     1349       0
                text36                             38F8     38F8       1C     1349       0
                text35                             38DC     38DC       1C     1349       0
                text34                             39DE     39DE        6     1349       0
                text33                             39D8     39D8        6     1349       0
                text32                             2E9A     2E9A       90     1349       0
                text31                             323C     323C       72     1349       0
                text30                             32AE     32AE       60     1349       0
                text29                             3658     3658       34     1349       0
                text28                             38C0     38C0       1C     1349       0
                text27                             3998     3998        E     1349       0
                text26                             398A     398A        E     1349       0
                text25                             397C     397C        E     1349       0
                text24                             3598     3598       40     1349       0
                text23                             39D2     39D2        6     1349       0
                text22                             39CC     39CC        6     1349       0
                text21                             2A3E     2A3E       CC     1349       0
                text20                             396E     396E        E     1349       0
                text19                             3960     3960        E     1349       0
                text18                             3952     3952        E     1349       0
                text17                             3148     3148       7A     1349       0
                text16                             37A4     37A4       2A     1349       0
                text15                             3944     3944        E     1349       0
                text14                             3936     3936        E     1349       0
                text13                             330E     330E       58     1349       0
                text12                             3928     3928        E     1349       0
                text11                             36EE     36EE       2E     1349       0
                text10                             3862     3862       22     1349       0
                text9                              3840     3840       22     1349       0
                text8                              381E     381E       22     1349       0
                text7                              2F2A     2F2A       8A     1349       0
                text6                              36C0     36C0       2E     1349       0
                text5                              3414     3414       54     1349       0
                text4                              303E     303E       86     1349       0
                text3                              2C98     2C98       B8     1349       0
                text2                              34BA     34BA       4E     1349       0
                text1                              38A4     38A4       1C     1349       0
                text0                              295A     295A       E4     1349       0
                cstackCOMRAM                        501      501       4B      501       1
                bssBANK5                            560      560       3B      560       1
                bssCOMRAM                           54C      54C       14      501       1
                cinit                              3778     3778       2C     1349       0
                nvBANK5                             59B      59B       15      560       1

TOTAL           Name                               Link     Load   Length     Space
        CLASS   CODE           
                init                                 1A       1A        4         0
                reset_vec                             0        0        4         0
                ivt0x8                                8        8       12         0
                text70                             39FC     39FC        2         0
                text69                             39FA     39FA        2         0
                text68                             3884     3884       20         0
                text67                             39F8     39F8        2         0
                text66                             39F6     39F6        2         0
                text65                             368C     368C       34         0
                text64                             33BE     33BE       56         0
                text63                             374A     374A       2E         0
                text62                             2BD4     2BD4       C4         0
                text61                             2D50     2D50       B0         0
                text60                             3618     3618       40         0
                text59                             39F4     39F4        2         0
                text58                             2B0A     2B0A       CA         0
                text57                             3554     3554       44         0
                text56                             31C2     31C2       7A         0
                text55                             2692     2692      194         0
                text54                             2826     2826      134         0
                text53                             3468     3468       52         0
                text52                             37F8     37F8       26         0
                text51                             2FB4     2FB4       8A         0
                text50                             3914     3914       14         0
                text49                             37CE     37CE       2A         0
                text48                             39B4     39B4        E         0
                text47                             39EA     39EA        6         0
                text46                             39E4     39E4        6         0
                text45                             2E00     2E00       9A         0
                text44                             371C     371C       2E         0
                text43                             3366     3366       58         0
                text42                             30C4     30C4       84         0
                text41                             35D8     35D8       40         0
                text40                             39A6     39A6        E         0
                text39                             3508     3508       4C         0
                text38                             39F0     39F0        4         0
                text37                             39C2     39C2        A         0
                text36                             38F8     38F8       1C         0
                text35                             38DC     38DC       1C         0
                text34                             39DE     39DE        6         0
                text33                             39D8     39D8        6         0
                text32                             2E9A     2E9A       90         0
                text31                             323C     323C       72         0
                text30                             32AE     32AE       60         0
                text29                             3658     3658       34         0
                text28                             38C0     38C0       1C         0
                text27                             3998     3998        E         0
                text26                             398A     398A        E         0
                text25                             397C     397C        E         0
                text24                             3598     3598       40         0
                text23                             39D2     39D2        6         0
                text22                             39CC     39CC        6         0
                text21                             2A3E     2A3E       CC         0
                text20                             396E     396E        E         0
                text19                             3960     3960        E         0
                text18                             3952     3952        E         0
                text17                             3148     3148       7A         0
                text16                             37A4     37A4       2A         0
                text15                             3944     3944        E         0
                text14                             3936     3936        E         0
                text13                             330E     330E       58         0
                text12                             3928     3928        E         0
                text11                             36EE     36EE       2E         0
                text10                             3862     3862       22         0
                text9                              3840     3840       22         0
                text8                              381E     381E       22         0
                text7                              2F2A     2F2A       8A         0
                text6                              36C0     36C0       2E         0
                text5                              3414     3414       54         0
                text4                              303E     303E       86         0
                text3                              2C98     2C98       B8         0
                text2                              34BA     34BA       4E         0
                text1                              38A4     38A4       1C         0
                text0                              295A     295A       E4         0
                cinit                              3778     3778       2C         0

        CLASS   CONST          

        CLASS   SMALLCONST     
                smallconst                         2600     2600       92         0

        CLASS   MEDIUMCONST    

        CLASS   COMRAM         
                cstackCOMRAM                        501      501       4B         1
                bssCOMRAM                           54C      54C       14         1

        CLASS   ABS1           

        CLASS   BIGRAM         

        CLASS   RAM            

        CLASS   BANK5          
                bssBANK5                            560      560       3B         1
                nvBANK5                             59B      59B       15         1

        CLASS   BANK6          

        CLASS   BANK7          

        CLASS   BANK8          

        CLASS   BANK9          

        CLASS   BANK10         

        CLASS   BANK11         

        CLASS   BANK12         

        CLASS   BANK13         

        CLASS   BANK14         

        CLASS   BANK15         

        CLASS   BANK16         

        CLASS   BANK17         

        CLASS   BANK18         

        CLASS   BANK19         

        CLASS   BANK20         

        CLASS   BANK21         

        CLASS   BANK22         

        CLASS   BANK23         

        CLASS   BANK24         

        CLASS   BANK25         

        CLASS   BANK26         

        CLASS   BANK27         

        CLASS   BANK28         

        CLASS   BANK29         

        CLASS   BANK30         

        CLASS   BANK31         

        CLASS   BANK32         

        CLASS   BANK33         

        CLASS   BANK34         

        CLASS   BANK35         

        CLASS   BANK36         

        CLASS   SFR            

        CLASS   BIGSFR         

        CLASS   CONFIG         
                config                           300000   300000        A         4

        CLASS   IDLOC          
                idloc                            200000   200000       40         5

        CLASS   EEDATA         

        CLASS   FARRAM         

        CLASS   HEAP           

        CLASS   STACK          



SEGMENTS        Name                           Load    Length   Top    Selector   Space  Class

                reset_vec                      000000  000004  000004         0       0  CODE    
                ivt0x8                         000008  000016  00001E         4       0  CODE    
                cstackCOMRAM                   000501  00005F  000560       501       1  COMRAM  
                bssBANK5                       000560  000050  0005B0       560       1  BANK5   
                smallconst                     002600  000092  002692      1300       0  SMALLCON
                text55                         002692  00136C  0039FE      1349       0  CODE    


UNUSED ADDRESS RANGES

        Name                Unused          Largest block    Delta
        BANK10           000A00-000AFF              100
        BANK11           000B00-000BFF              100
        BANK12           000C00-000CFF              100
        BANK13           000D00-000DFF              100
        BANK14           000E00-000EFF              100
        BANK15           000F00-000FFF              100
        BANK16           001000-0010FF              100
        BANK17           001100-0011FF              100
        BANK18           001200-0012FF              100
        BANK19           001300-0013FF              100
        BANK20           001400-0014FF              100
        BANK21           001500-0015FF              100
        BANK22           001600-0016FF              100
        BANK23           001700-0017FF              100
        BANK24           001800-0018FF              100
        BANK25           001900-0019FF              100
        BANK26           001A00-001AFF              100
        BANK27           001B00-001BFF              100
        BANK28           001C00-001CFF              100
        BANK29           001D00-001DFF              100
        BANK30           001E00-001EFF              100
        BANK31           001F00-001FFF              100
        BANK32           002000-0020FF              100
        BANK33           002100-0021FF              100
        BANK34           002200-0022FF              100
        BANK35           002300-0023FF              100
        BANK36           002400-0024FF              100
        BANK5            0005B0-0005FF               50
        BANK6            000600-0006FF              100
        BANK7            000700-0007FF              100
        BANK8            000800-0008FF              100
        BANK9            000900-0009FF              100
        BIGRAM           0005B0-0024FF             1F50
        BIGSFR           000000-0004FF              500
                         002500-0025FF              100
        CODE             000004-000007                4
                         00001E-0025FF             25E2
                         0039FE-01FFFF            1C602
        CONFIG           30000A-300011                8
        CONST            000004-000007                4
                         00001E-0025FF             25E2
                         0039FE-01FFFF            1C602
        EEDATA           380000-3803FF              400
        MEDIUMCONST      0039FE-00FFFF             C602
                         012600-01FFFF             DA00
        RAM              0005B0-0024FF              100
        SFR              000000-0004FF              100
                         002500-0025FF              100
        SMALLCONST       0039FE-01FFFF              100

                                  Symbol Table

?_ADCC_GetSingleConversion                                    cstackCOMRAM 000503
?___awdiv                                                     cstackCOMRAM 000503
?___awmod                                                     cstackCOMRAM 000503
?_abs                                                         cstackCOMRAM 000509
?_printf                                                      cstackCOMRAM 000541
?_vfprintf                                                    cstackCOMRAM 000539
ADCC_GetSingleConversion@channel                              cstackCOMRAM 000507
EEPROM_Read@address                                           cstackCOMRAM 000503
EEPROM_Write@address                                          cstackCOMRAM 000503
EEPROM_Write@data                                             cstackCOMRAM 000506
EEPROM_Write@globalInterruptBitValue                          cstackCOMRAM 00050A
INT0_SetInterruptHandler@InterruptHandler                     cstackCOMRAM 000503
INT1_SetInterruptHandler@InterruptHandler                     cstackCOMRAM 000503
INT2_SetInterruptHandler@InterruptHandler                     cstackCOMRAM 000503
IVTBASEH                                                      (abs)        00045E
IVTBASEL                                                      (abs)        00045D
IVTBASEU                                                      (abs)        00045F
PWM3_16BIT_Period_SetInterruptHandler@InterruptHandler        cstackCOMRAM 000503
PWM3_16BIT_SetSlice1Output1DutyCycleRegister@registerValue    cstackCOMRAM 000503
PWM3_16BIT_Slice1Output1_SetInterruptHandler@InterruptHandler cstackCOMRAM 000503
PWM3_16BIT_Slice1Output2_SetInterruptHandler@InterruptHandler cstackCOMRAM 000503
TMR0_OverflowCallbackRegister@CallbackHandler                 cstackCOMRAM 000503
TMR1_GateCallbackRegister@CallbackHandler                     cstackCOMRAM 000503
TMR1_OverflowCallbackRegister@CallbackHandler                 cstackCOMRAM 000503
TMR1_Write@timerVal                                           cstackCOMRAM 000503
TMR2_OverflowCallbackRegister@InterruptHandler                cstackCOMRAM 000503
UART1_FramingErrorCallbackRegister@callbackHandler            cstackCOMRAM 000503
UART1_OverrunErrorCallbackRegister@callbackHandler            cstackCOMRAM 000503
UART1_ParityErrorCallbackRegister@callbackHandler             cstackCOMRAM 000503
_ACTCON                                                       (abs)        0000AC
_ADACCH                                                       (abs)        0003E4
_ADACCL                                                       (abs)        0003E3
_ADACCU                                                       (abs)        0003E5
_ADACQH                                                       (abs)        0003EF
_ADACQL                                                       (abs)        0003EE
_ADACT                                                        (abs)        0003F9
_ADC                                                          text51       002FB4
_ADCAP                                                        (abs)        0003F0
_ADCC_GetSingleConversion                                     text63       00374A
_ADCC_Initialize                                              text30       0032AE
_ADCLK                                                        (abs)        0003FA
_ADCNT                                                        (abs)        0003E6
_ADCON0                                                       (abs)        0003F3
_ADCON0bits                                                   (abs)        0003F3
_ADCON1                                                       (abs)        0003F4
_ADCON1bits                                                   (abs)        0003F4
_ADCON2                                                       (abs)        0003F5
_ADCON2bits                                                   (abs)        0003F5
_ADCON3                                                       (abs)        0003F6
_ADCON3bits                                                   (abs)        0003F6
_ADERRH                                                       (abs)        0003DE
_ADERRL                                                       (abs)        0003DD
_ADFLTRH                                                      (abs)        0003E2
_ADFLTRL                                                      (abs)        0003E1
_ADLTHH                                                       (abs)        0003DA
_ADLTHL                                                       (abs)        0003D9
_ADPCH                                                        (abs)        0003EC
_ADPREH                                                       (abs)        0003F2
_ADPREL                                                       (abs)        0003F1
_ADPREVH                                                      (abs)        0003E9
_ADPREVL                                                      (abs)        0003E8
_ADREF                                                        (abs)        0003F8
_ADRES                                                        (abs)        0003EA
_ADRESH                                                       (abs)        0003EB
_ADRESL                                                       (abs)        0003EA
_ADRPT                                                        (abs)        0003E7
_ADSTAT                                                       (abs)        0003F7
_ADSTATbits                                                   (abs)        0003F7
_ADSTPTH                                                      (abs)        0003E0
_ADSTPTL                                                      (abs)        0003DF
_ADUTHH                                                       (abs)        0003DC
_ADUTHL                                                       (abs)        0003DB
_ANSELA                                                       (abs)        000400
_ANSELB                                                       (abs)        000408
_ANSELC                                                       (abs)        000410
_ANSELD                                                       (abs)        000418
_ANSELE                                                       (abs)        000420
_Blink                                                        text45       002E00
_CLC1_Initialize                                              text29       003658
_CLCDATA                                                      (abs)        0000D4
_CLCDATAbits                                                  (abs)        0000D4
_CLCSELECT                                                    (abs)        0000D5
_CLCnCON                                                      (abs)        0000D6
_CLCnGLS0                                                     (abs)        0000DC
_CLCnGLS1                                                     (abs)        0000DD
_CLCnGLS2                                                     (abs)        0000DE
_CLCnGLS3                                                     (abs)        0000DF
_CLCnPOL                                                      (abs)        0000D7
_CLCnSEL0                                                     (abs)        0000D8
_CLCnSEL1                                                     (abs)        0000D9
_CLCnSEL2                                                     (abs)        0000DA
_CLCnSEL3                                                     (abs)        0000DB
_CLOCK_Initialize                                             text28       0038C0
_EEPROM                                                       text42       0030C4
_EEPROM_Read                                                  text44       00371C
_EEPROM_Write                                                 text43       003366
_HelloWorld                                                   text41       0035D8
_INLVLA                                                       (abs)        000404
_INLVLB                                                       (abs)        00040C
_INLVLC                                                       (abs)        000414
_INLVLD                                                       (abs)        00041C
_INLVLE                                                       (abs)        000424
_INT0_DefaultInterruptHandler                                 (abs)        000000
_INT0_InterruptHandler                                        bssBANK5     000572
_INT0_SetInterruptHandler                                     text27       003998
_INT1_DefaultInterruptHandler                                 (abs)        000000
_INT1_InterruptHandler                                        bssBANK5     00056F
_INT1_SetInterruptHandler                                     text26       00398A
_INT2_DefaultInterruptHandler                                 (abs)        000000
_INT2_InterruptHandler                                        bssBANK5     00056C
_INT2_SetInterruptHandler                                     text25       00397C
_INTCON0bits                                                  (abs)        0004D6
_INTERRUPT_Initialize                                         text24       003598
_INTERRUPT_InterruptManager                                   text64       0033BE
_IOCAF                                                        (abs)        000407
_IOCAN                                                        (abs)        000406
_IOCAP                                                        (abs)        000405
_IOCBF                                                        (abs)        00040F
_IOCBN                                                        (abs)        00040E
_IOCBP                                                        (abs)        00040D
_IOCCF                                                        (abs)        000417
_IOCCN                                                        (abs)        000416
_IOCCP                                                        (abs)        000415
_IOCEF                                                        (abs)        000427
_IOCEN                                                        (abs)        000426
_IOCEP                                                        (abs)        000425
_Interrupts                                                   text39       003508
_LAB_ISR                                                      text68       003884
_LATA                                                         (abs)        0004BE
_LATAbits                                                     (abs)        0004BE
_LATB                                                         (abs)        0004BF
_LATC                                                         (abs)        0004C0
_LATD                                                         (abs)        0004C1
_LATE                                                         (abs)        0004C2
_NVMADRH                                                      (abs)        000044
_NVMADRL                                                      (abs)        000043
_NVMADRU                                                      (abs)        000045
_NVMCON0bits                                                  (abs)        000040
_NVMCON1bits                                                  (abs)        000041
_NVMDATH                                                      (abs)        000047
_NVMDATL                                                      (abs)        000046
_NVMLOCK                                                      (abs)        000042
_NVM_Initialize                                               text22       0039CC
_NVM_StatusClear                                              text23       0039D2
_ODCONA                                                       (abs)        000402
_ODCONB                                                       (abs)        00040A
_ODCONC                                                       (abs)        000412
_ODCOND                                                       (abs)        00041A
_ODCONE                                                       (abs)        000422
_OSCCON1                                                      (abs)        0000AD
_OSCCON3                                                      (abs)        0000AF
_OSCEN                                                        (abs)        0000B3
_OSCFRQ                                                       (abs)        0000B1
_OSCTUNE                                                      (abs)        0000B0
_PIE0bits                                                     (abs)        00049E
_PIE3bits                                                     (abs)        0004A1
_PIE7bits                                                     (abs)        0004A5
_PIN_MANAGER_IOC                                              text70       0039FC
_PIN_MANAGER_Initialize                                       text21       002A3E
_PIR0bits                                                     (abs)        0004AE
_PIR10bits                                                    (abs)        0004B8
_PIR1bits                                                     (abs)        0004AF
_PIR2bits                                                     (abs)        0004B0
_PIR3bits                                                     (abs)        0004B1
_PIR6bits                                                     (abs)        0004B4
_PIR7bits                                                     (abs)        0004B5
_PORTBbits                                                    (abs)        0004CF
_PPSLOCK                                                      (abs)        000200
_PPSLOCKbits                                                  (abs)        000200
_PR2                                                          (abs)        000323
_PWM                                                          text32       002E9A
_PWM3CLK                                                      (abs)        00047F
_PWM3CON                                                      (abs)        000487
_PWM3CONbits                                                  (abs)        000487
_PWM3CPRE                                                     (abs)        000483
_PWM3ERS                                                      (abs)        00047E
_PWM3GIE                                                      (abs)        000486
_PWM3GIEbits                                                  (abs)        000486
_PWM3GIR                                                      (abs)        000485
_PWM3GIRbits                                                  (abs)        000485
_PWM3LDS                                                      (abs)        000480
_PWM3PIPOS                                                    (abs)        000484
_PWM3PRH                                                      (abs)        000482
_PWM3PRL                                                      (abs)        000481
_PWM3S1CFG                                                    (abs)        000488
_PWM3S1P1H                                                    (abs)        00048A
_PWM3S1P1L                                                    (abs)        000489
_PWM3S1P2H                                                    (abs)        00048C
_PWM3S1P2L                                                    (abs)        00048B
_PWM3_16BIT_Initialize                                        text17       003148
_PWM3_16BIT_LoadBufferRegisters                               text38       0039F0
_PWM3_16BIT_Period_DefaultInterruptHandler                    (abs)        000000
_PWM3_16BIT_Period_InterruptHandler                           nvBANK5      0005A7
_PWM3_16BIT_Period_SetInterruptHandler                        text20       00396E
_PWM3_16BIT_SetSlice1Output1DutyCycleRegister                 text37       0039C2
_PWM3_16BIT_Slice1Output1_DefaultInterruptHandler             (abs)        000000
_PWM3_16BIT_Slice1Output1_InterruptHandler                    nvBANK5      0005AD
_PWM3_16BIT_Slice1Output1_SetInterruptHandler                 text19       003960
_PWM3_16BIT_Slice1Output2_DefaultInterruptHandler             (abs)        000000
_PWM3_16BIT_Slice1Output2_InterruptHandler                    nvBANK5      0005AA
_PWM3_16BIT_Slice1Output2_SetInterruptHandler                 text18       003952
_PWM_Output_D5_Disable                                        text36       0038F8
_PWM_Output_D5_Enable                                         text35       0038DC
_RA7PPS                                                       (abs)        000208
_RB1I2C                                                       (abs)        000289
_RB2I2C                                                       (abs)        000288
_RC3I2C                                                       (abs)        000287
_RC4I2C                                                       (abs)        000286
_RC6PPS                                                       (abs)        000217
_Rotate                                                       text31       00323C
_SLRCONA                                                      (abs)        000403
_SLRCONB                                                      (abs)        00040B
_SLRCONC                                                      (abs)        000413
_SLRCOND                                                      (abs)        00041B
_SLRCONE                                                      (abs)        000423
_SYSTEM_Initialize                                            text6        0036C0
_SleepWakeUp                                                  text5        003414
_T0CON0                                                       (abs)        00031A
_T0CON0bits                                                   (abs)        00031A
_T0CON1                                                       (abs)        00031B
_T1CLK                                                        (abs)        000321
_T1CON                                                        (abs)        00031E
_T1CONbits                                                    (abs)        00031E
_T1GATE                                                       (abs)        000320
_T1GCON                                                       (abs)        00031F
_T1GCONbits                                                   (abs)        00031F
_T2CLKCON                                                     (abs)        000326
_T2CON                                                        (abs)        000324
_T2CONbits                                                    (abs)        000324
_T2HLT                                                        (abs)        000325
_T2HLTbits                                                    (abs)        000325
_T2PR                                                         (abs)        000323
_T2RST                                                        (abs)        000327
_T2RSTbits                                                    (abs)        000327
_T2TMR                                                        (abs)        000322
_TABLAT                                                       (abs)        0004F5
_TBLPTRH                                                      (abs)        0004F7
_TBLPTRL                                                      (abs)        0004F6
_TBLPTRU                                                      (abs)        0004F8
_TMR0H                                                        (abs)        000319
_TMR0IE                                                       (abs)        00250F
_TMR0L                                                        (abs)        000318
_TMR0_DefaultOverflowCallback                                 text67       0039F8
_TMR0_Initialize                                              text16       0037A4
_TMR0_OverflowCallback                                        nvBANK5      0005A4
_TMR0_OverflowCallbackRegister                                text40       0039A6
_TMR0_OverflowISR                                             text65       00368C
_TMR0_Reload                                                  (abs)        000000
_TMR0_Start                                                   (abs)        000000
_TMR0_Stop                                                    (abs)        000000
_TMR1H                                                        (abs)        00031D
_TMR1IF                                                       (abs)        00258C
_TMR1L                                                        (abs)        00031C
_TMR1_DefaultGateCallback                                     (abs)        000000
_TMR1_DefaultOverflowCallback                                 text66       0039F6
_TMR1_GateCallback                                            nvBANK5      00059E
_TMR1_GateCallbackRegister                                    text15       003944
_TMR1_HasOverflowOccured                                      text50       003914
_TMR1_Initialize                                              text13       00330E
_TMR1_InterruptHandler                                        bssBANK5     000569
_TMR1_OverflowCallback                                        nvBANK5      0005A1
_TMR1_OverflowCallbackRegister                                text14       003936
_TMR1_Reload                                                  text48       0039B4
_TMR1_Start                                                   text47       0039EA
_TMR1_Stop                                                    text46       0039E4
_TMR1_Tasks                                                   (abs)        000000
_TMR1_Write                                                   text49       0037CE
_TMR2                                                         (abs)        000322
_TMR2_DefaultOverflowCallback                                 text69       0039FA
_TMR2_Initialize                                              text11       0036EE
_TMR2_OverflowCallback                                        nvBANK5      00059B
_TMR2_OverflowCallbackRegister                                text12       003928
_TMR2_PeriodCountSet                                          (abs)        000000
_TMR2_Start                                                   text34       0039DE
_TMR2_Stop                                                    text33       0039D8
_TMR2_Tasks                                                   (abs)        000000
_TRISA                                                        (abs)        0004C6
_TRISB                                                        (abs)        0004C7
_TRISC                                                        (abs)        0004C8
_TRISD                                                        (abs)        0004C9
_TRISE                                                        (abs)        0004CA
_Timers                                                       text4        00303E
_U1BRGH                                                       (abs)        0002AF
_U1BRGL                                                       (abs)        0002AE
_U1CON0                                                       (abs)        0002AB
_U1CON0bits                                                   (abs)        0002AB
_U1CON1                                                       (abs)        0002AC
_U1CON1bits                                                   (abs)        0002AC
_U1CON2                                                       (abs)        0002AD
_U1ERRIE                                                      (abs)        0002B3
_U1ERRIR                                                      (abs)        0002B2
_U1ERRIRbits                                                  (abs)        0002B2
_U1FIFO                                                       (abs)        0002B0
_U1FIFObits                                                   (abs)        0002B0
_U1P1H                                                        (abs)        0002A6
_U1P1L                                                        (abs)        0002A5
_U1P2H                                                        (abs)        0002A8
_U1P2L                                                        (abs)        0002A7
_U1P3H                                                        (abs)        0002AA
_U1P3L                                                        (abs)        0002A9
_U1RXB                                                        (abs)        0002A1
_U1RXCHK                                                      (abs)        0002A2
_U1RXPPS                                                      (abs)        000272
_U1TXB                                                        (abs)        0002A3
_U1TXCHK                                                      (abs)        0002A4
_U1UIR                                                        (abs)        0002B1
_U1UIRbits                                                    (abs)        0002B1
_UART1                                                        smallconst   002601
_UART1_AutoBaudQuery                                          (abs)        000000
_UART1_AutoBaudSet                                            (abs)        000000
_UART1_DefaultFramingErrorCallback                            (abs)        000000
_UART1_DefaultOverrunErrorCallback                            (abs)        000000
_UART1_DefaultParityErrorCallback                             (abs)        000000
_UART1_Deinitialize                                           (abs)        000000
_UART1_ErrorGet                                               (abs)        000000
_UART1_FramingErrorCallbackRegister                           text10       003862
_UART1_FramingErrorHandler                                    bssBANK5     000566
_UART1_Initialize                                             text7        002F2A
_UART1_IsRxReady                                              (abs)        000000
_UART1_IsTxDone                                               (abs)        000000
_UART1_IsTxReady                                              (abs)        000000
_UART1_OverrunErrorCallbackRegister                           text9        003840
_UART1_OverrunErrorHandler                                    bssBANK5     000563
_UART1_ParityErrorCallbackRegister                            text8        00381E
_UART1_ParityErrorHandler                                     bssBANK5     000560
_UART1_Read                                                   (abs)        000000
_UART1_TransmitDisable                                        (abs)        000000
_UART1_TransmitEnable                                         (abs)        000000
_UART1_Write                                                  (abs)        000000
_VSR                                                          text3        002C98
_WDTCON0bits                                                  (abs)        000078
_WPUA                                                         (abs)        000401
_WPUB                                                         (abs)        000409
_WPUC                                                         (abs)        000411
_WPUD                                                         (abs)        000419
_WPUE                                                         (abs)        000421
__HRAM                                                        (abs)        000000
__H__absolute__                                               __absolute__ 000000
__Habs1                                                       abs1         000000
__Hbank10                                                     bank10       000000
__Hbank11                                                     bank11       000000
__Hbank12                                                     bank12       000000
__Hbank13                                                     bank13       000000
__Hbank14                                                     bank14       000000
__Hbank15                                                     bank15       000000
__Hbank16                                                     bank16       000000
__Hbank17                                                     bank17       000000
__Hbank18                                                     bank18       000000
__Hbank19                                                     bank19       000000
__Hbank20                                                     bank20       000000
__Hbank21                                                     bank21       000000
__Hbank22                                                     bank22       000000
__Hbank23                                                     bank23       000000
__Hbank24                                                     bank24       000000
__Hbank25                                                     bank25       000000
__Hbank26                                                     bank26       000000
__Hbank27                                                     bank27       000000
__Hbank28                                                     bank28       000000
__Hbank29                                                     bank29       000000
__Hbank30                                                     bank30       000000
__Hbank31                                                     bank31       000000
__Hbank32                                                     bank32       000000
__Hbank33                                                     bank33       000000
__Hbank34                                                     bank34       000000
__Hbank35                                                     bank35       000000
__Hbank36                                                     bank36       000000
__Hbank5                                                      bank5        000000
__Hbank6                                                      bank6        000000
__Hbank7                                                      bank7        000000
__Hbank8                                                      bank8        000000
__Hbank9                                                      bank9        000000
__Hbigbss                                                     bigbss       000000
__Hbigdata                                                    bigdata      000000
__Hbigram                                                     bigram       000000
__Hbigsfr                                                     bigsfr       000000
__Hbss                                                        bss          000000
__HbssBANK5                                                   bssBANK5     000000
__HbssCOMRAM                                                  bssCOMRAM    000000
__Hcinit                                                      cinit        000000
__Hclrtext                                                    clrtext      000000
__Hcomram                                                     comram       000000
__Hconfig                                                     config       30000A
__Hconst                                                      const        000000
__HcstackCOMRAM                                               cstackCOMRAM 000000
__Hdata                                                       data         000000
__Heeprom_data                                                eeprom_data  000000
__Hfarbss                                                     farbss       000000
__Hfardata                                                    fardata      000000
__Hheap                                                       heap         000000
__Hibigdata                                                   ibigdata     000000
__Hidata                                                      idata        000000
__Hidloc                                                      idloc        200040
__Hifardata                                                   ifardata     000000
__Hinit                                                       init         00001E
__Hintsave_regs                                               intsave_regs 000000
__Hirdata                                                     irdata       000000
__Hivt0x8                                                     ivt0x8       00001A
__Hmediumconst                                                mediumconst  000000
__HnvBANK5                                                    nvBANK5      000000
__HnvFARRAM                                                   nvFARRAM     000000
__Hnvbit                                                      nvbit        000000
__Hnvrram                                                     nvrram       000000
__Hparam                                                      rparam       000000
__Hpowerup                                                    powerup      000000
__Hram                                                        ram          000000
__Hramtop                                                     ramtop       002600
__Hrbit                                                       rbit         000000
__Hrbss                                                       rbss         000000
__Hrdata                                                      rdata        000000
__Hreset_vec                                                  reset_vec    000004
__Hrparam                                                     rparam       000000
__Hsfr                                                        sfr          000000
__Hsmallconst                                                 smallconst   002692
__Hspace_0                                                    (abs)        0039FE
__Hspace_1                                                    (abs)        0005B0
__Hspace_2                                                    (abs)        000000
__Hspace_4                                                    (abs)        60000A
__Hstack                                                      stack        000000
__Hstruct                                                     struct       000000
__Htemp                                                       temp         000000
__Htext                                                       text         000000
__Htext0                                                      text0        000000
__Htext1                                                      text1        000000
__Htext10                                                     text10       000000
__Htext11                                                     text11       000000
__Htext12                                                     text12       000000
__Htext13                                                     text13       000000
__Htext14                                                     text14       000000
__Htext15                                                     text15       000000
__Htext16                                                     text16       000000
__Htext17                                                     text17       000000
__Htext18                                                     text18       000000
__Htext19                                                     text19       000000
__Htext2                                                      text2        000000
__Htext20                                                     text20       000000
__Htext21                                                     text21       000000
__Htext22                                                     text22       000000
__Htext23                                                     text23       000000
__Htext24                                                     text24       000000
__Htext25                                                     text25       000000
__Htext26                                                     text26       000000
__Htext27                                                     text27       000000
__Htext28                                                     text28       000000
__Htext29                                                     text29       000000
__Htext3                                                      text3        000000
__Htext30                                                     text30       000000
__Htext31                                                     text31       000000
__Htext32                                                     text32       000000
__Htext33                                                     text33       000000
__Htext34                                                     text34       000000
__Htext35                                                     text35       000000
__Htext36                                                     text36       000000
__Htext37                                                     text37       000000
__Htext38                                                     text38       000000
__Htext39                                                     text39       000000
__Htext4                                                      text4        000000
__Htext40                                                     text40       000000
__Htext41                                                     text41       000000
__Htext42                                                     text42       000000
__Htext43                                                     text43       000000
__Htext44                                                     text44       000000
__Htext45                                                     text45       000000
__Htext46                                                     text46       000000
__Htext47                                                     text47       000000
__Htext48                                                     text48       000000
__Htext49                                                     text49       000000
__Htext5                                                      text5        000000
__Htext50                                                     text50       000000
__Htext51                                                     text51       000000
__Htext52                                                     text52       000000
__Htext53                                                     text53       000000
__Htext54                                                     text54       000000
__Htext55                                                     text55       000000
__Htext56                                                     text56       000000
__Htext57                                                     text57       000000
__Htext58                                                     text58       000000
__Htext59                                                     text59       000000
__Htext6                                                      text6        000000
__Htext60                                                     text60       000000
__Htext61                                                     text61       000000
__Htext62                                                     text62       000000
__Htext63                                                     text63       000000
__Htext64                                                     text64       000000
__Htext65                                                     text65       000000
__Htext66                                                     text66       000000
__Htext67                                                     text67       000000
__Htext68                                                     text68       000000
__Htext69                                                     text69       000000
__Htext7                                                      text7        000000
__Htext70                                                     text70       000000
__Htext71                                                     text71       000000
__Htext8                                                      text8        000000
__Htext9                                                      text9        000000
__LRAM                                                        (abs)        000001
__L__absolute__                                               __absolute__ 000000
__Labs1                                                       abs1         000000
__Lbank10                                                     bank10       000000
__Lbank11                                                     bank11       000000
__Lbank12                                                     bank12       000000
__Lbank13                                                     bank13       000000
__Lbank14                                                     bank14       000000
__Lbank15                                                     bank15       000000
__Lbank16                                                     bank16       000000
__Lbank17                                                     bank17       000000
__Lbank18                                                     bank18       000000
__Lbank19                                                     bank19       000000
__Lbank20                                                     bank20       000000
__Lbank21                                                     bank21       000000
__Lbank22                                                     bank22       000000
__Lbank23                                                     bank23       000000
__Lbank24                                                     bank24       000000
__Lbank25                                                     bank25       000000
__Lbank26                                                     bank26       000000
__Lbank27                                                     bank27       000000
__Lbank28                                                     bank28       000000
__Lbank29                                                     bank29       000000
__Lbank30                                                     bank30       000000
__Lbank31                                                     bank31       000000
__Lbank32                                                     bank32       000000
__Lbank33                                                     bank33       000000
__Lbank34                                                     bank34       000000
__Lbank35                                                     bank35       000000
__Lbank36                                                     bank36       000000
__Lbank5                                                      bank5        000000
__Lbank6                                                      bank6        000000
__Lbank7                                                      bank7        000000
__Lbank8                                                      bank8        000000
__Lbank9                                                      bank9        000000
__Lbigbss                                                     bigbss       000000
__Lbigdata                                                    bigdata      000000
__Lbigram                                                     bigram       000000
__Lbigsfr                                                     bigsfr       000000
__Lbss                                                        bss          000000
__LbssBANK5                                                   bssBANK5     000000
__LbssCOMRAM                                                  bssCOMRAM    000000
__Lcinit                                                      cinit        000000
__Lclrtext                                                    clrtext      000000
__Lcomram                                                     comram       000000
__Lconfig                                                     config       000000
__Lconst                                                      const        000000
__LcstackCOMRAM                                               cstackCOMRAM 000000
__Ldata                                                       data         000000
__Leeprom_data                                                eeprom_data  000000
__Lfarbss                                                     farbss       000000
__Lfardata                                                    fardata      000000
__Lheap                                                       heap         000000
__Libigdata                                                   ibigdata     000000
__Lidata                                                      idata        000000
__Lidloc                                                      idloc        000000
__Lifardata                                                   ifardata     000000
__Linit                                                       init         00001A
__Lintsave_regs                                               intsave_regs 000000
__Lirdata                                                     irdata       000000
__Livt0x8                                                     ivt0x8       000008
__Lmediumconst                                                mediumconst  000000
__LnvBANK5                                                    nvBANK5      000000
__LnvFARRAM                                                   nvFARRAM     000000
__Lnvbit                                                      nvbit        000000
__Lnvrram                                                     nvrram       000000
__Lparam                                                      rparam       000000
__Lpowerup                                                    powerup      000000
__Lram                                                        ram          000000
__Lramtop                                                     ramtop       002600
__Lrbit                                                       rbit         000000
__Lrbss                                                       rbss         000000
__Lrdata                                                      rdata        000000
__Lreset_vec                                                  reset_vec    000000
__Lrparam                                                     rparam       000000
__Lsfr                                                        sfr          000000
__Lsmallconst                                                 smallconst   002600
__Lspace_0                                                    (abs)        000000
__Lspace_1                                                    (abs)        000000
__Lspace_2                                                    (abs)        000000
__Lspace_4                                                    (abs)        000000
__Lstack                                                      stack        000000
__Lstruct                                                     struct       000000
__Ltemp                                                       temp         000000
__Ltext                                                       text         000000
__Ltext0                                                      text0        000000
__Ltext1                                                      text1        000000
__Ltext10                                                     text10       000000
__Ltext11                                                     text11       000000
__Ltext12                                                     text12       000000
__Ltext13                                                     text13       000000
__Ltext14                                                     text14       000000
__Ltext15                                                     text15       000000
__Ltext16                                                     text16       000000
__Ltext17                                                     text17       000000
__Ltext18                                                     text18       000000
__Ltext19                                                     text19       000000
__Ltext2                                                      text2        000000
__Ltext20                                                     text20       000000
__Ltext21                                                     text21       000000
__Ltext22                                                     text22       000000
__Ltext23                                                     text23       000000
__Ltext24                                                     text24       000000
__Ltext25                                                     text25       000000
__Ltext26                                                     text26       000000
__Ltext27                                                     text27       000000
__Ltext28                                                     text28       000000
__Ltext29                                                     text29       000000
__Ltext3                                                      text3        000000
__Ltext30                                                     text30       000000
__Ltext31                                                     text31       000000
__Ltext32                                                     text32       000000
__Ltext33                                                     text33       000000
__Ltext34                                                     text34       000000
__Ltext35                                                     text35       000000
__Ltext36                                                     text36       000000
__Ltext37                                                     text37       000000
__Ltext38                                                     text38       000000
__Ltext39                                                     text39       000000
__Ltext4                                                      text4        000000
__Ltext40                                                     text40       000000
__Ltext41                                                     text41       000000
__Ltext42                                                     text42       000000
__Ltext43                                                     text43       000000
__Ltext44                                                     text44       000000
__Ltext45                                                     text45       000000
__Ltext46                                                     text46       000000
__Ltext47                                                     text47       000000
__Ltext48                                                     text48       000000
__Ltext49                                                     text49       000000
__Ltext5                                                      text5        000000
__Ltext50                                                     text50       000000
__Ltext51                                                     text51       000000
__Ltext52                                                     text52       000000
__Ltext53                                                     text53       000000
__Ltext54                                                     text54       000000
__Ltext55                                                     text55       000000
__Ltext56                                                     text56       000000
__Ltext57                                                     text57       000000
__Ltext58                                                     text58       000000
__Ltext59                                                     text59       000000
__Ltext6                                                      text6        000000
__Ltext60                                                     text60       000000
__Ltext61                                                     text61       000000
__Ltext62                                                     text62       000000
__Ltext63                                                     text63       000000
__Ltext64                                                     text64       000000
__Ltext65                                                     text65       000000
__Ltext66                                                     text66       000000
__Ltext67                                                     text67       000000
__Ltext68                                                     text68       000000
__Ltext69                                                     text69       000000
__Ltext7                                                      text7        000000
__Ltext70                                                     text70       000000
__Ltext71                                                     text71       000000
__Ltext8                                                      text8        000000
__Ltext9                                                      text9        000000
__S0                                                          (abs)        0039FE
__S1                                                          (abs)        0005B0
__S4                                                          (abs)        000000
__S5                                                          (abs)        000000
___awdiv                                                      text62       002BD4
___awdiv@counter                                              cstackCOMRAM 000507
___awdiv@dividend                                             cstackCOMRAM 000503
___awdiv@divisor                                              cstackCOMRAM 000505
___awdiv@quotient                                             cstackCOMRAM 000509
___awdiv@sign                                                 cstackCOMRAM 000508
___awmod                                                      text61       002D50
___awmod@counter                                              cstackCOMRAM 000507
___awmod@dividend                                             cstackCOMRAM 000503
___awmod@divisor                                              cstackCOMRAM 000505
___awmod@sign                                                 cstackCOMRAM 000508
___heap_hi                                                    (abs)        000000
___heap_lo                                                    (abs)        000000
___inthi_sp                                                   stack        000000
___intlo_sp                                                   stack        000000
___param_bank                                                 (abs)        000000
___rparam_used                                                (abs)        000001
___sp                                                         stack        000000
__accesstop                                                   (abs)        000560
__activetblptr                                                (abs)        000003
__end_of_ADC                                                  text51       00303E
__end_of_ADCC_GetSingleConversion                             text63       003778
__end_of_ADCC_Initialize                                      text30       00330E
__end_of_Blink                                                text45       002E9A
__end_of_CLC1_Initialize                                      text29       00368C
__end_of_CLOCK_Initialize                                     text28       0038DC
__end_of_EEPROM                                               text42       003148
__end_of_EEPROM_Read                                          text44       00374A
__end_of_EEPROM_Write                                         text43       0033BE
__end_of_HelloWorld                                           text41       003618
__end_of_INT0_SetInterruptHandler                             text27       0039A6
__end_of_INT1_SetInterruptHandler                             text26       003998
__end_of_INT2_SetInterruptHandler                             text25       00398A
__end_of_INTERRUPT_Initialize                                 text24       0035D8
__end_of_INTERRUPT_InterruptManager                           text64       003414
__end_of_Interrupts                                           text39       003554
__end_of_LAB_ISR                                              text68       0038A4
__end_of_NVM_Initialize                                       text22       0039D2
__end_of_NVM_StatusClear                                      text23       0039D8
__end_of_PIN_MANAGER_IOC                                      text70       0039FE
__end_of_PIN_MANAGER_Initialize                               text21       002B0A
__end_of_PWM                                                  text32       002F2A
__end_of_PWM3_16BIT_Initialize                                text17       0031C2
__end_of_PWM3_16BIT_LoadBufferRegisters                       text38       0039F4
__end_of_PWM3_16BIT_Period_SetInterruptHandler                text20       00397C
__end_of_PWM3_16BIT_SetSlice1Output1DutyCycleRegister         text37       0039CC
__end_of_PWM3_16BIT_Slice1Output1_SetInterruptHandler         text19       00396E
__end_of_PWM3_16BIT_Slice1Output2_SetInterruptHandler         text18       003960
[...]
__ptext1                                                      text1        0038A4
__ptext10                                                     text10       003862
__ptext11                                                     text11       0036EE
__ptext12                                                     text12       003928
__ptext13                                                     text13       00330E
__ptext14                                                     text14       003936
__ptext15                                                     text15       003944
__ptext16                                                     text16       0037A4
__ptext17                                                     text17       003148
__ptext18                                                     text18       003952
__ptext19                                                     text19       003960
__ptext2                                                      text2        0034BA
__ptext20                                                     text20       00396E
__ptext21                                                     text21       002A3E
__ptext22                                                     text22       0039CC
__ptext23                                                     text23       0039D2
__ptext24                                                     text24       003598
__ptext25                                                     text25       00397C
__ptext26                                                     text26       00398A
__ptext27                                                     text27       003998
__ptext28                                                     text28       0038C0
__ptext29                                                     text29       003658
__ptext3                                                      text3        002C98
__ptext30                                                     text30       0032AE
__ptext31                                                     text31       00323C
__ptext32                                                     text32       002E9A
__ptext33                                                     text33       0039D8
__ptext34                                                     text34       0039DE
__ptext35                                                     text35       0038DC
__ptext36                                                     text36       0038F8
__ptext37                                                     text37       0039C2
__ptext38                                                     text38       0039F0
__ptext39                                                     text39       003508
__ptext4                                                      text4        00303E
__ptext40                                                     text40       0039A6
__ptext41                                                     text41       0035D8
__ptext42                                                     text42       0030C4
__ptext43                                                     text43       003366
__ptext44                                                     text44       00371C
__ptext45                                                     text45       002E00
__ptext46                                                     text46       0039E4
__ptext47                                                     text47       0039EA
__ptext48                                                     text48       0039B4
__ptext49                                                     text49       0037CE
__ptext5                                                      text5        003414
__ptext50                                                     text50       003914
__ptext51                                                     text51       002FB4
__ptext52                                                     text52       0037F8
__ptext53                                                     text53       003468
__ptext54                                                     text54       002826
__ptext55                                                     text55       002692
__ptext56                                                     text56       0031C2
__ptext57                                                     text57       003554
__ptext58                                                     text58       002B0A
__ptext59                                                     text59       0039F4
__ptext6                                                      text6        0036C0
__ptext60                                                     text60       003618
__ptext61                                                     text61       002D50
__ptext62                                                     text62       002BD4
__ptext63                                                     text63       00374A
__ptext64                                                     text64       0033BE
__ptext65                                                     text65       00368C
__ptext66                                                     text66       0039F6
__ptext67                                                     text67       0039F8
__ptext68                                                     text68       003884
__ptext69                                                     text69       0039FA
__ptext7                                                      text7        002F2A
__ptext70                                                     text70       0039FC
__ptext71                                                     text71       000000
__ptext8                                                      text8        00381E
__ptext9                                                      text9        003840
__ramtop                                                      ramtop       002600
__smallconst                                                  smallconst   002600
_abs                                                          text60       003618
_adcResult                                                    bssCOMRAM    000559
_adcResult@EEPROM$F398                                        bssCOMRAM    000554
_adcResult@PWM$F215                                           bssCOMRAM    00054E
_btnState                                                     bssCOMRAM    00055C
_checkButtonS1                                                text2        0034BA
_dbuf                                                         bssBANK5     00057B
_delay                                                        bssCOMRAM    000558
_dtoa                                                         text55       002692
_dtoa$3388                                                    cstackCOMRAM 000522
_flagCounter                                                  bssCOMRAM    00055B
_flags                                                        bssCOMRAM    000550
_fputc                                                        text58       002B0A
_fputs                                                        text57       003554
_labNumber                                                    bssCOMRAM    00055F
_labState                                                     bssCOMRAM    00055D
_ledDisplay                                                   bssCOMRAM    000553
_main                                                         text0        00295A
_nextLab                                                      text1        0038A4
_pad                                                          text56       0031C2
_prec                                                         bssBANK5     000577
_printf                                                       text52       0037F8
_putch                                                        text59       0039F4
_rotateReg                                                    bssCOMRAM    00055A
_rotateReg@Interrupts$F299                                    bssCOMRAM    000555
_rotateReg@Timers$F243                                        bssCOMRAM    000556
_rotateReg@VSR$F164                                           bssCOMRAM    000557
_switchEvent                                                  bssCOMRAM    00055E
_timer1ReloadVal                                              bssCOMRAM    00054C
_tmr0                                                         smallconst   00266D
_tmr1                                                         smallconst   00265B
_tmr2                                                         smallconst   002649
_uart1RxLastError                                             bssBANK5     000579
_unlockKeyHigh                                                bssCOMRAM    000551
_unlockKeyLow                                                 bssCOMRAM    000552
_vfpfcnvrt                                                    text54       002826
_vfprintf                                                     text53       003468
_width                                                        bssBANK5     000575
abs@a                                                         cstackCOMRAM 000509
dtoa@d                                                        cstackCOMRAM 000520
dtoa@fp                                                       cstackCOMRAM 00051E
dtoa@i                                                        cstackCOMRAM 000528
dtoa@p                                                        cstackCOMRAM 000524
dtoa@s                                                        cstackCOMRAM 00052A
dtoa@w                                                        cstackCOMRAM 000526
end_of_initialization                                         cinit        00379E
fputc@c                                                       cstackCOMRAM 000503
fputc@fp                                                      cstackCOMRAM 000505
fputs@c                                                       cstackCOMRAM 000510
fputs@fp                                                      cstackCOMRAM 00050E
fputs@i                                                       cstackCOMRAM 000511
fputs@s                                                       cstackCOMRAM 00050C
intlevel0                                                     text         000000
intlevel1                                                     text         000000
intlevel2                                                     text         000000
intlevel3                                                     text         000000
isa$std                                                       (abs)        000001
isa$xinst                                                     (abs)        000000
ivt0x8_base                                                   ivt0x8       000008
pad@buf                                                       cstackCOMRAM 000515
pad@fp                                                        cstackCOMRAM 000513
pad@i                                                         cstackCOMRAM 00051A
pad@p                                                         cstackCOMRAM 000517
pad@w                                                         cstackCOMRAM 00051C
printf@ap                                                     cstackCOMRAM 000545
printf@fmt                                                    cstackCOMRAM 000541
stackhi                                                       (abs)        000000
stacklo                                                       (abs)        000000
start                                                         init         00001A
start_initialization                                          cinit        003778
vfpfcnvrt@ap                                                  cstackCOMRAM 00052F
vfpfcnvrt@convarg                                             cstackCOMRAM 000533
vfpfcnvrt@cp                                                  cstackCOMRAM 000537
vfpfcnvrt@fmt                                                 cstackCOMRAM 00052D
vfpfcnvrt@fp                                                  cstackCOMRAM 00052B
vfprintf@ap                                                   cstackCOMRAM 00053D
vfprintf@cfmt                                                 cstackCOMRAM 00053F
vfprintf@fmt                                                  cstackCOMRAM 00053B
vfprintf@fp                                                   cstackCOMRAM 000539


MODULE INFORMATION

Module		Function		Class		Link	Load	Size
C:\Program Files\Microchip\xc8\v2.41\pic\sources\c99\common\awmod.c
		___awmod       		CODE           	2D50	0000	176

C:\Program Files\Microchip\xc8\v2.41\pic\sources\c99\common\awmod.c estimated size: 176

Labs/Lab08_Interrupts/Interrupts.c
		_Interrupts    		CODE           	3508	0000	76
		_LAB_ISR       		CODE           	3884	0000	32

Labs/Lab08_Interrupts/Interrupts.c estimated size: 108

Labs/Lab06_PulseWidthModulation/PWM.c
		_PWM_Output_D5_Disable		CODE           	38F8	0000	28
		_PWM           		CODE           	2E9A	0000	144
		_PWM_Output_D5_Enable		CODE           	38DC	0000	28

Labs/Lab06_PulseWidthModulation/PWM.c estimated size: 200

Labs/Lab10_EEPROM/EEPROM.c
		_EEPROM        		CODE           	30C4	0000	132

Labs/Lab10_EEPROM/EEPROM.c estimated size: 132

Labs/Lab05_VariableSpeedRotate/VSR.c
		_VSR           		CODE           	2C98	0000	184

Labs/Lab05_VariableSpeedRotate/VSR.c estimated size: 184

Labs/Lab02_Blink/Blink.c
		_Blink         		CODE           	2E00	0000	154

Labs/Lab02_Blink/Blink.c estimated size: 154

Labs/Lab09_SleepWakeup/SleepWakeUp.c
		_SleepWakeUp   		CODE           	3414	0000	84

Labs/Lab09_SleepWakeup/SleepWakeUp.c estimated size: 84

C:\Program Files\Microchip\xc8\v2.41\pic\sources\c99\common\nf_fputc.c
		_fputc         		CODE           	2B0A	0000	202

C:\Program Files\Microchip\xc8\v2.41\pic\sources\c99\common\nf_fputc.c estimated size: 202

mcc_generated_files/pwm/src/pwm3_16bit.c
		_PWM3_16BIT_Period_SetInterruptHandler		CODE           	396E	0000	14
		_PWM3_16BIT_Slice1Output1_SetInterruptHandler		CODE           	3960	0000	14
		_PWM3_16BIT_Slice1Output2_SetInterruptHandler		CODE           	3952	0000	14
		_PWM3_16BIT_Initialize		CODE           	3148	0000	122
		_PWM3_16BIT_LoadBufferRegisters		CODE           	39F0	0000	4
		_PWM3_16BIT_SetSlice1Output1DutyCycleRegister		CODE           	39C2	0000	10

mcc_generated_files/pwm/src/pwm3_16bit.c estimated size: 178

mcc_generated_files/timer/src/tmr1.c
		_TMR1_Initialize		CODE           	330E	0000	88
		_TMR1_Stop     		CODE           	39E4	0000	6
		_TMR1_Write    		CODE           	37CE	0000	42
		_TMR1_Start    		CODE           	39EA	0000	6
		_TMR1_OverflowCallbackRegister		CODE           	3936	0000	14
		_TMR1_Reload   		CODE           	39B4	0000	14
		_TMR1_DefaultOverflowCallback		CODE           	39F6	0000	2
		_TMR1_GateCallbackRegister		CODE           	3944	0000	14
		_TMR1_HasOverflowOccured		CODE           	3914	0000	20

mcc_generated_files/timer/src/tmr1.c estimated size: 206

mcc_generated_files/system/src/interrupt.c
		_INT0_SetInterruptHandler		CODE           	3998	0000	14
		_INT1_SetInterruptHandler		CODE           	398A	0000	14
		_INT2_SetInterruptHandler		CODE           	397C	0000	14
		_INTERRUPT_Initialize		CODE           	3598	0000	64
		_INTERRUPT_InterruptManager		CODE           	33BE	0000	86

mcc_generated_files/system/src/interrupt.c estimated size: 192

C:\Program Files\Microchip\xc8\v2.41\pic\sources\c99\common\awdiv.c
		___awdiv       		CODE           	2BD4	0000	196

C:\Program Files\Microchip\xc8\v2.41\pic\sources\c99\common\awdiv.c estimated size: 196

mcc_generated_files/adc/src/adcc.c
		_ADCC_GetSingleConversion		CODE           	374A	0000	46
		_ADCC_Initialize		CODE           	32AE	0000	96

mcc_generated_files/adc/src/adcc.c estimated size: 142

Labs/Lab01_HelloWorld/HelloWorld.c
		_HelloWorld    		CODE           	35D8	0000	64

Labs/Lab01_HelloWorld/HelloWorld.c estimated size: 64

C:\Program Files\Microchip\xc8\v2.41\pic\sources\c99\common\abs.c
		_abs           		CODE           	3618	0000	64

C:\Program Files\Microchip\xc8\v2.41\pic\sources\c99\common\abs.c estimated size: 64

C:\Program Files\Microchip\xc8\v2.41\pic\sources\c99\common\doprnt.c
		_vfpfcnvrt     		CODE           	2826	0000	308
		_pad           		CODE           	31C2	0000	122
		_dtoa          		CODE           	2692	0000	404
		_vfprintf      		CODE           	3468	0000	82

C:\Program Files\Microchip\xc8\v2.41\pic\sources\c99\common\doprnt.c estimated size: 916

mcc_generated_files/uart/src/uart1.c
		_UART1_FramingErrorCallbackRegister		CODE           	3862	0000	34
		_UART1_OverrunErrorCallbackRegister		CODE           	3840	0000	34
		_UART1_Initialize		CODE           	2F2A	0000	138
		_UART1_ParityErrorCallbackRegister		CODE           	381E	0000	34

mcc_generated_files/uart/src/uart1.c estimated size: 240

mcc_generated_files/clc/src/clc1.c
		_CLC1_Initialize		CODE           	3658	0000	52

mcc_generated_files/clc/src/clc1.c estimated size: 52

mcc_generated_files/nvm/src/nvm.c
		_NVM_Initialize		CODE           	39CC	0000	6
		_EEPROM_Read   		CODE           	371C	0000	46
		_EEPROM_Write  		CODE           	3366	0000	88
		_NVM_StatusClear		CODE           	39D2	0000	6

mcc_generated_files/nvm/src/nvm.c estimated size: 146

Labs/Lab03_Rotate/Rotate.c
		_Rotate        		CODE           	323C	0000	114

Labs/Lab03_Rotate/Rotate.c estimated size: 114

mcc_generated_files/system/src/pins.c
		_PIN_MANAGER_Initialize		CODE           	2A3E	0000	204
		_PIN_MANAGER_IOC		CODE           	39FC	0000	2

mcc_generated_files/system/src/pins.c estimated size: 206

shared
		__initialization		CODE           	3778	0000	38
		_UART1         		SMALLCONST     	2601	0000	72
		_tmr0          		SMALLCONST     	266D	0000	18
		_tmr1          		SMALLCONST     	265B	0000	18
		_tmr2          		SMALLCONST     	2649	0000	18

shared estimated size: 164

Labs/Lab04_AnalogToDigitalConversion/ADC.c
		_ADC           		CODE           	2FB4	0000	138

Labs/Lab04_AnalogToDigitalConversion/ADC.c estimated size: 138

C:\Program Files\Microchip\xc8\v2.41\pic\sources\c99\common\putch.c
		_putch         		CODE           	39F4	0000	2

C:\Program Files\Microchip\xc8\v2.41\pic\sources\c99\common\putch.c estimated size: 2

mcc_generated_files/timer/src/tmr2.c
		_TMR2_Initialize		CODE           	36EE	0000	46
		_TMR2_Stop     		CODE           	39D8	0000	6
		_TMR2_Start    		CODE           	39DE	0000	6
		_TMR2_OverflowCallbackRegister		CODE           	3928	0000	14
		_TMR2_DefaultOverflowCallback		CODE           	39FA	0000	2

mcc_generated_files/timer/src/tmr2.c estimated size: 74

C:\Program Files\Microchip\xc8\v2.41\pic\sources\c99\common\nf_fputs.c
		_fputs         		CODE           	3554	0000	68

C:\Program Files\Microchip\xc8\v2.41\pic\sources\c99\common\nf_fputs.c estimated size: 68

mcc_generated_files/system/src/clock.c
		_CLOCK_Initialize		CODE           	38C0	0000	28

mcc_generated_files/system/src/clock.c estimated size: 28

mcc_generated_files/timer/src/tmr0.c
		_TMR0_OverflowCallbackRegister		CODE           	39A6	0000	14
		_TMR0_DefaultOverflowCallback		CODE           	39F8	0000	2
		_TMR0_OverflowISR		CODE           	368C	0000	52
		_TMR0_Initialize		CODE           	37A4	0000	42

mcc_generated_files/timer/src/tmr0.c estimated size: 110

Labs/Lab07_Timers/Timers.c
		_Timers        		CODE           	303E	0000	134

Labs/Lab07_Timers/Timers.c estimated size: 134

main.c
		_main          		CODE           	295A	0000	228
		_nextLab       		CODE           	38A4	0000	28
		_checkButtonS1 		CODE           	34BA	0000	78

main.c estimated size: 334

C:\Program Files\Microchip\xc8\v2.41\pic\sources\c99\common\printf.c
		_printf        		CODE           	37F8	0000	38

C:\Program Files\Microchip\xc8\v2.41\pic\sources\c99\common\printf.c estimated size: 38

mcc_generated_files/system/src/system.c
		_SYSTEM_Initialize		CODE           	36C0	0000	46

mcc_generated_files/system/src/system.c estimated size: 46

